// Jest Snapshot v1, https://goo.gl/fbAQLP

exports[`renders 1`] = `
<div>
  <h1>
    Index Page
  </h1>
</div>
`;
